nohup: ignoring input

  .   ____          _            __ _ _
 /\\ / ___'_ __ _ _(_)_ __  __ _ \ \ \ \
( ( )\___ | '_ | '_| | '_ \/ _` | \ \ \ \
 \\/  ___)| |_)| | | | | || (_| |  ) ) ) )
  '  |____| .__|_| |_|_| |_\__, | / / / /
 =========|_|==============|___/=/_/_/_/

 :: Spring Boot ::                (v3.4.4)

2025-09-03T11:39:53.113Z  INFO 19245 --- [           main] com.example.ResSystemApplication         : Starting ResSystemApplication v0.0.1-SNAPSHOT using Java 17.0.16 with PID 19245 (/home/ubuntu/web_service/server/res-system.jar started by ubuntu in /home/ubuntu/web_service/server)
2025-09-03T11:39:53.124Z  INFO 19245 --- [           main] com.example.ResSystemApplication         : The following 1 profile is active: "prod"
2025-09-03T11:39:54.847Z  INFO 19245 --- [           main] .s.d.r.c.RepositoryConfigurationDelegate : Bootstrapping Spring Data JPA repositories in DEFAULT mode.
2025-09-03T11:39:54.911Z  INFO 19245 --- [           main] .s.d.r.c.RepositoryConfigurationDelegate : Finished Spring Data repository scanning in 44 ms. Found 0 JPA repository interfaces.
2025-09-03T11:39:55.932Z  INFO 19245 --- [           main] o.s.b.w.embedded.tomcat.TomcatWebServer  : Tomcat initialized with port 8080 (http)
2025-09-03T11:39:55.959Z  INFO 19245 --- [           main] o.apache.catalina.core.StandardService   : Starting service [Tomcat]
2025-09-03T11:39:55.959Z  INFO 19245 --- [           main] o.apache.catalina.core.StandardEngine    : Starting Servlet engine: [Apache Tomcat/10.1.39]
2025-09-03T11:39:56.010Z  INFO 19245 --- [           main] o.a.c.c.C.[Tomcat].[localhost].[/]       : Initializing Spring embedded WebApplicationContext
2025-09-03T11:39:56.012Z  INFO 19245 --- [           main] w.s.c.ServletWebServerApplicationContext : Root WebApplicationContext: initialization completed in 2744 ms
2025-09-03T11:39:56.336Z  INFO 19245 --- [           main] o.hibernate.jpa.internal.util.LogHelper  : HHH000204: Processing PersistenceUnitInfo [name: default]
2025-09-03T11:39:56.414Z  INFO 19245 --- [           main] org.hibernate.Version                    : HHH000412: Hibernate ORM core version 6.6.11.Final
2025-09-03T11:39:56.460Z  INFO 19245 --- [           main] o.h.c.internal.RegionFactoryInitiator    : HHH000026: Second-level cache disabled
2025-09-03T11:39:56.974Z  INFO 19245 --- [           main] o.s.o.j.p.SpringPersistenceUnitInfo      : No LoadTimeWeaver setup: ignoring JPA class transformer
2025-09-03T11:39:57.018Z  INFO 19245 --- [           main] com.zaxxer.hikari.HikariDataSource       : HikariPool-1 - Starting...
2025-09-03T11:39:57.225Z  INFO 19245 --- [           main] com.zaxxer.hikari.pool.HikariPool        : HikariPool-1 - Added connection org.mariadb.jdbc.Connection@935d3f9
2025-09-03T11:39:57.228Z  INFO 19245 --- [           main] com.zaxxer.hikari.HikariDataSource       : HikariPool-1 - Start completed.
2025-09-03T11:39:57.271Z  WARN 19245 --- [           main] org.hibernate.orm.deprecation            : HHH90000025: MySQLDialect does not need to be specified explicitly using 'hibernate.dialect' (remove the property setting and it will be selected by default)
2025-09-03T11:39:57.305Z  INFO 19245 --- [           main] org.hibernate.orm.connections.pooling    : HHH10001005: Database info:
	Database JDBC URL [Connecting through datasource 'HikariDataSource (HikariPool-1)']
	Database driver: undefined/unknown
	Database version: 8.0.42
	Autocommit mode: undefined/unknown
	Isolation level: undefined/unknown
	Minimum pool size: undefined/unknown
	Maximum pool size: undefined/unknown
2025-09-03T11:39:57.769Z  INFO 19245 --- [           main] o.h.e.t.j.p.i.JtaPlatformInitiator       : HHH000489: No JTA platform available (set 'hibernate.transaction.jta.platform' to enable JTA platform integration)
2025-09-03T11:39:57.776Z  INFO 19245 --- [           main] j.LocalContainerEntityManagerFactoryBean : Initialized JPA EntityManagerFactory for persistence unit 'default'
2025-09-03T11:39:58.120Z  WARN 19245 --- [           main] JpaBaseConfiguration$JpaWebConfiguration : spring.jpa.open-in-view is enabled by default. Therefore, database queries may be performed during view rendering. Explicitly configure spring.jpa.open-in-view to disable this warning
2025-09-03T11:39:58.162Z  INFO 19245 --- [           main] o.s.b.a.w.s.WelcomePageHandlerMapping    : Adding welcome page: class path resource [static/index.html]
2025-09-03T11:39:58.275Z DEBUG 19245 --- [           main] s.w.s.m.m.a.RequestMappingHandlerMapping : 18 mappings in 'requestMappingHandlerMapping'
2025-09-03T11:39:58.422Z DEBUG 19245 --- [           main] o.s.w.s.handler.SimpleUrlHandlerMapping  : Patterns [/webjars/**, /**, /uploaded-videos/**] in 'resourceHandlerMapping'
2025-09-03T11:39:58.484Z DEBUG 19245 --- [           main] s.w.s.m.m.a.RequestMappingHandlerAdapter : ControllerAdvice beans: 0 @ModelAttribute, 0 @InitBinder, 1 RequestBodyAdvice, 1 ResponseBodyAdvice
2025-09-03T11:39:58.564Z  WARN 19245 --- [           main] ion$DefaultTemplateResolverConfiguration : Cannot find template location: classpath:/templates/ (please add some templates, check your Thymeleaf configuration, or set spring.thymeleaf.check-template-location=false)
2025-09-03T11:39:58.604Z DEBUG 19245 --- [           main] .m.m.a.ExceptionHandlerExceptionResolver : ControllerAdvice beans: 0 @ExceptionHandler, 1 ResponseBodyAdvice
2025-09-03T11:39:58.796Z  INFO 19245 --- [           main] o.s.b.w.embedded.tomcat.TomcatWebServer  : Tomcat started on port 8080 (http) with context path '/'
2025-09-03T11:39:58.842Z  INFO 19245 --- [           main] com.example.ResSystemApplication         : Started ResSystemApplication in 6.676 seconds (process running for 7.834)
2025-09-03T11:40:06.919Z  INFO 19245 --- [nio-8080-exec-1] o.a.c.c.C.[Tomcat].[localhost].[/]       : Initializing Spring DispatcherServlet 'dispatcherServlet'
2025-09-03T11:40:06.922Z  INFO 19245 --- [nio-8080-exec-1] o.s.web.servlet.DispatcherServlet        : Initializing Servlet 'dispatcherServlet'
2025-09-03T11:40:06.922Z DEBUG 19245 --- [nio-8080-exec-1] o.s.web.servlet.DispatcherServlet        : Detected StandardServletMultipartResolver
2025-09-03T11:40:06.922Z DEBUG 19245 --- [nio-8080-exec-1] o.s.web.servlet.DispatcherServlet        : Detected AcceptHeaderLocaleResolver
2025-09-03T11:40:06.922Z DEBUG 19245 --- [nio-8080-exec-1] o.s.web.servlet.DispatcherServlet        : Detected FixedThemeResolver
2025-09-03T11:40:06.926Z DEBUG 19245 --- [nio-8080-exec-1] o.s.web.servlet.DispatcherServlet        : Detected org.springframework.web.servlet.view.DefaultRequestToViewNameTranslator@4fdac2a7
2025-09-03T11:40:06.929Z DEBUG 19245 --- [nio-8080-exec-1] o.s.web.servlet.DispatcherServlet        : Detected org.springframework.web.servlet.support.SessionFlashMapManager@431babe6
2025-09-03T11:40:06.930Z DEBUG 19245 --- [nio-8080-exec-1] o.s.web.servlet.DispatcherServlet        : enableLoggingRequestDetails='false': request parameters and headers will be masked to prevent unsafe logging of potentially sensitive data
2025-09-03T11:40:06.930Z  INFO 19245 --- [nio-8080-exec-1] o.s.web.servlet.DispatcherServlet        : Completed initialization in 8 ms
2025-09-03T11:40:06.946Z DEBUG 19245 --- [nio-8080-exec-1] o.s.web.servlet.DispatcherServlet        : POST "/api/login5", parameters={}
2025-09-03T11:40:06.962Z DEBUG 19245 --- [nio-8080-exec-1] s.w.s.m.m.a.RequestMappingHandlerMapping : Mapped to com.example.controller.idManageController#login5(Map, HttpServletResponse)
2025-09-03T11:40:07.108Z DEBUG 19245 --- [nio-8080-exec-1] m.m.a.RequestResponseBodyMethodProcessor : Read "application/json;charset=UTF-8" to [{s_userid=test, s_userpass=test}]
2025-09-03T11:40:07.121Z  INFO 19245 --- [nio-8080-exec-1] c.example.controller.idManageController  : userid: test
2025-09-03T11:40:07.121Z  INFO 19245 --- [nio-8080-exec-1] c.example.controller.idManageController  : password: test
[35m[Hibernate][0m 
    [34mSELECT[0m
        * 
    [34mFROM[0m
        user_info 
    [34mWHERE[0m
        userid = ? 
        [34mAND[0m userpass = ?
2025-09-03T11:40:07.246Z  INFO 19245 --- [nio-8080-exec-1] c.example.controller.idManageController  : results: []
2025-09-03T11:40:07.259Z DEBUG 19245 --- [nio-8080-exec-1] o.s.w.s.m.m.a.HttpEntityMethodProcessor  : Using 'text/plain', given [*/*] and supported [text/plain, */*, application/json, application/*+json]
2025-09-03T11:40:07.260Z DEBUG 19245 --- [nio-8080-exec-1] o.s.w.s.m.m.a.HttpEntityMethodProcessor  : Writing ["NOT"]
2025-09-03T11:40:07.267Z DEBUG 19245 --- [nio-8080-exec-1] o.s.web.servlet.DispatcherServlet        : Completed 200 OK
2025-09-03T11:41:12.156Z DEBUG 19245 --- [nio-8080-exec-2] o.s.web.servlet.DispatcherServlet        : POST "/api/login5", parameters={}
2025-09-03T11:41:12.156Z DEBUG 19245 --- [nio-8080-exec-2] s.w.s.m.m.a.RequestMappingHandlerMapping : Mapped to com.example.controller.idManageController#login5(Map, HttpServletResponse)
2025-09-03T11:41:12.158Z DEBUG 19245 --- [nio-8080-exec-2] m.m.a.RequestResponseBodyMethodProcessor : Read "application/json;charset=UTF-8" to [{s_userid=test, s_userpass=test}]
2025-09-03T11:41:12.158Z  INFO 19245 --- [nio-8080-exec-2] c.example.controller.idManageController  : userid: test
2025-09-03T11:41:12.159Z  INFO 19245 --- [nio-8080-exec-2] c.example.controller.idManageController  : password: test
[35m[Hibernate][0m 
    [34mSELECT[0m
        * 
    [34mFROM[0m
        user_info 
    [34mWHERE[0m
        userid = ? 
        [34mAND[0m userpass = ?
2025-09-03T11:41:12.162Z  INFO 19245 --- [nio-8080-exec-2] c.example.controller.idManageController  : results: []
2025-09-03T11:41:12.164Z DEBUG 19245 --- [nio-8080-exec-2] o.s.w.s.m.m.a.HttpEntityMethodProcessor  : Using 'text/plain', given [*/*] and supported [text/plain, */*, application/json, application/*+json]
2025-09-03T11:41:12.165Z DEBUG 19245 --- [nio-8080-exec-2] o.s.w.s.m.m.a.HttpEntityMethodProcessor  : Writing ["NOT"]
2025-09-03T11:41:12.166Z DEBUG 19245 --- [nio-8080-exec-2] o.s.web.servlet.DispatcherServlet        : Completed 200 OK
2025-09-03T11:47:45.524Z  INFO 19245 --- [ionShutdownHook] o.s.b.w.e.tomcat.GracefulShutdown        : Commencing graceful shutdown. Waiting for active requests to complete
2025-09-03T11:47:45.555Z  INFO 19245 --- [tomcat-shutdown] o.s.b.w.e.tomcat.GracefulShutdown        : Graceful shutdown complete
2025-09-03T11:47:45.612Z  INFO 19245 --- [ionShutdownHook] j.LocalContainerEntityManagerFactoryBean : Closing JPA EntityManagerFactory for persistence unit 'default'
2025-09-03T11:47:45.640Z  INFO 19245 --- [ionShutdownHook] com.zaxxer.hikari.HikariDataSource       : HikariPool-1 - Shutdown initiated...
2025-09-03T11:47:45.690Z  INFO 19245 --- [ionShutdownHook] com.zaxxer.hikari.HikariDataSource       : HikariPool-1 - Shutdown completed.
